###############################################################################
#
# IAR ELF Linker V7.70.2.11706/W32 for ARM                06/Jan/2017  00:40:12
# Copyright 2007-2016 IAR Systems AB.
#
#    Output file  =  C:\Users\LeshijMain\wgtime\EWARM\wgtime\Exe\wgtime.out
#    Map file     =  C:\Users\LeshijMain\wgtime\EWARM\wgtime\List\wgtime.map
#    Command line =  
#        C:\Users\LeshijMain\wgtime\EWARM\wgtime\Obj\cmsis_os.o
#        C:\Users\LeshijMain\wgtime\EWARM\wgtime\Obj\crc.o
#        C:\Users\LeshijMain\wgtime\EWARM\wgtime\Obj\croutine.o
#        C:\Users\LeshijMain\wgtime\EWARM\wgtime\Obj\defaultTask.o
#        C:\Users\LeshijMain\wgtime\EWARM\wgtime\Obj\dma.o
#        C:\Users\LeshijMain\wgtime\EWARM\wgtime\Obj\event_groups.o
#        C:\Users\LeshijMain\wgtime\EWARM\wgtime\Obj\freertos.o
#        C:\Users\LeshijMain\wgtime\EWARM\wgtime\Obj\gpio.o
#        C:\Users\LeshijMain\wgtime\EWARM\wgtime\Obj\heap_4.o
#        C:\Users\LeshijMain\wgtime\EWARM\wgtime\Obj\i2c.o
#        C:\Users\LeshijMain\wgtime\EWARM\wgtime\Obj\list.o
#        C:\Users\LeshijMain\wgtime\EWARM\wgtime\Obj\main.o
#        C:\Users\LeshijMain\wgtime\EWARM\wgtime\Obj\port.o
#        C:\Users\LeshijMain\wgtime\EWARM\wgtime\Obj\portasm.o
#        C:\Users\LeshijMain\wgtime\EWARM\wgtime\Obj\queue.o
#        C:\Users\LeshijMain\wgtime\EWARM\wgtime\Obj\startup_stm32f103xb.o
#        C:\Users\LeshijMain\wgtime\EWARM\wgtime\Obj\stm32f1xx_hal.o
#        C:\Users\LeshijMain\wgtime\EWARM\wgtime\Obj\stm32f1xx_hal_cortex.o
#        C:\Users\LeshijMain\wgtime\EWARM\wgtime\Obj\stm32f1xx_hal_crc.o
#        C:\Users\LeshijMain\wgtime\EWARM\wgtime\Obj\stm32f1xx_hal_dma.o
#        C:\Users\LeshijMain\wgtime\EWARM\wgtime\Obj\stm32f1xx_hal_flash.o
#        C:\Users\LeshijMain\wgtime\EWARM\wgtime\Obj\stm32f1xx_hal_flash_ex.o
#        C:\Users\LeshijMain\wgtime\EWARM\wgtime\Obj\stm32f1xx_hal_gpio.o
#        C:\Users\LeshijMain\wgtime\EWARM\wgtime\Obj\stm32f1xx_hal_gpio_ex.o
#        C:\Users\LeshijMain\wgtime\EWARM\wgtime\Obj\stm32f1xx_hal_i2c.o
#        C:\Users\LeshijMain\wgtime\EWARM\wgtime\Obj\stm32f1xx_hal_msp.o
#        C:\Users\LeshijMain\wgtime\EWARM\wgtime\Obj\stm32f1xx_hal_pwr.o
#        C:\Users\LeshijMain\wgtime\EWARM\wgtime\Obj\stm32f1xx_hal_rcc.o
#        C:\Users\LeshijMain\wgtime\EWARM\wgtime\Obj\stm32f1xx_hal_rcc_ex.o
#        C:\Users\LeshijMain\wgtime\EWARM\wgtime\Obj\stm32f1xx_hal_tim.o
#        C:\Users\LeshijMain\wgtime\EWARM\wgtime\Obj\stm32f1xx_hal_tim_ex.o
#        C:\Users\LeshijMain\wgtime\EWARM\wgtime\Obj\stm32f1xx_hal_timebase_TIM.o
#        C:\Users\LeshijMain\wgtime\EWARM\wgtime\Obj\stm32f1xx_hal_usart.o
#        C:\Users\LeshijMain\wgtime\EWARM\wgtime\Obj\stm32f1xx_hal_wwdg.o
#        C:\Users\LeshijMain\wgtime\EWARM\wgtime\Obj\stm32f1xx_it.o
#        C:\Users\LeshijMain\wgtime\EWARM\wgtime\Obj\system_stm32f1xx.o
#        C:\Users\LeshijMain\wgtime\EWARM\wgtime\Obj\tasks.o
#        C:\Users\LeshijMain\wgtime\EWARM\wgtime\Obj\timers.o
#        C:\Users\LeshijMain\wgtime\EWARM\wgtime\Obj\tskDisplay.o
#        C:\Users\LeshijMain\wgtime\EWARM\wgtime\Obj\tskGyroscope.o
#        C:\Users\LeshijMain\wgtime\EWARM\wgtime\Obj\tskTradeTime.o
#        C:\Users\LeshijMain\wgtime\EWARM\wgtime\Obj\usart.o
#        C:\Users\LeshijMain\wgtime\EWARM\wgtime\Obj\wwdg.o --redirect
#        _Printf=_PrintfFull --redirect _Scanf=_ScanfFull -o
#        C:\Users\LeshijMain\wgtime\EWARM\wgtime\Exe\wgtime.out --map
#        C:\Users\LeshijMain\wgtime\EWARM\wgtime\List\wgtime.map --config
#        C:\Users\LeshijMain\wgtime\EWARM/stm32f103xb_flash.icf --semihosting
#        --entry __iar_program_start --vfe
#
###############################################################################

*******************************************************************************
*** RUNTIME MODEL ATTRIBUTES
***

CppFlavor       = *
__SystemLibrary = DLib


*******************************************************************************
*** PLACEMENT SUMMARY
***

"A0":  place at 0x08000000 { ro section .intvec };
"P1":  place in [from 0x08000000 to 0x0801ffff] { ro };
"P2":  place in [from 0x20000000 to 0x20004fff] { rw, block CSTACK, block HEAP };
initialize by copy { rw };

  Section            Kind        Address    Size  Object
  -------            ----        -------    ----  ------
"A0":                                       0xec
  .intvec            ro code  0x08000000    0xec  startup_stm32f103xb.o [1]
                            - 0x080000ec    0xec

"P1":                                     0x2cb0
  .text              ro code  0x080000ec   0x72a  stm32f1xx_hal_rcc.o [1]
  .text              ro code  0x08000818     0xc  stm32f1xx_hal.o [1]
  .text              ro code  0x08000824    0x18  stm32f1xx_hal.o [1]
  .text              ro code  0x0800083c    0x78  stm32f1xx_hal_timebase_TIM.o [1]
  .text              ro code  0x080008b4    0xa4  main.o [1]
  .text              ro code  0x08000958    0x56  ABImemcpy_unaligned.o [4]
  .text              ro code  0x080009b0   0x190  stm32f1xx_hal_cortex.o [1]
  .text              ro code  0x08000b40   0x31a  stm32f1xx_hal_tim.o [1]
  .text              ro code  0x08000e5c    0x24  stm32f1xx_hal.o [1]
  .text              ro code  0x08000e80    0x80  gpio.o [1]
  .text              ro code  0x08000f00    0x40  dma.o [1]
  .text              ro code  0x08000f40    0x48  crc.o [1]
  .text              ro code  0x08000f88    0xc0  i2c.o [1]
  .text              ro code  0x08001048    0xf4  usart.o [1]
  .text              ro code  0x0800113c    0x50  wwdg.o [1]
  .text              ro code  0x0800118c    0xd4  freertos.o [1]
  .text              ro code  0x08001260    0x78  cmsis_os.o [1]
  .text              ro code  0x080012d8    0x10  stm32f1xx_hal.o [1]
  .text              ro code  0x080012e8     0x2  stm32f1xx_hal_tim.o [1]
  .text              ro code  0x080012ea     0x2  stm32f1xx_hal_tim.o [1]
  .text              ro code  0x080012ec     0x2  stm32f1xx_hal_tim_ex.o [1]
  .text              ro code  0x080012ee     0x2  stm32f1xx_hal_tim.o [1]
  .text              ro code  0x080012f0     0x2  stm32f1xx_hal_tim_ex.o [1]
  .text              ro code  0x080012f2     0x2  stm32f1xx_hal_tim.o [1]
  .text              ro code  0x080012f4    0x88  stm32f1xx_hal_msp.o [1]
  .text              ro code  0x0800137c   0x360  stm32f1xx_hal_gpio.o [1]
  .text              ro code  0x080016dc    0x84  stm32f1xx_hal_crc.o [1]
  .text              ro code  0x08001760   0x1f8  stm32f1xx_hal_i2c.o [1]
  .text              ro code  0x08001958   0x240  stm32f1xx_hal_usart.o [1]
  .text              ro code  0x08001b98   0x408  stm32f1xx_hal_dma.o [1]
  .text              ro code  0x08001fa0    0xe8  stm32f1xx_hal_wwdg.o [1]
  .text              ro code  0x08002088   0x554  tasks.o [1]
  .text              ro code  0x080025dc    0xc4  queue.o [1]
  .text              ro code  0x080026a0   0x144  port.o [1]
  CODE               ro code  0x080027e4    0x94  portasm.o [1]
  .text              ro code  0x08002878    0x8e  list.o [1]
  .text              ro code  0x08002908   0x198  heap_4.o [1]
  .text              ro code  0x08002aa0     0x2  freertos.o [1]
  .text              ro code  0x08002aa4    0x3a  ABImemset48.o [4]
  .text              ro code  0x08002ae0    0x5c  system_stm32f1xx.o [1]
  .text              ro code  0x08002b3c    0x40  zero_init3.o [4]
  .rodata            const    0x08002b7c    0x38  freertos.o [1]
  .text              ro code  0x08002bb4    0x30  stm32f1xx_it.o [1]
  .text              ro code  0x08002be4    0x2c  copy_init3.o [4]
  .text              ro code  0x08002c10    0x28  data_init.o [4]
  .iar.init_table    const    0x08002c38    0x24  - Linker created -
  .text              ro code  0x08002c5c    0x1a  cmain.o [4]
  .text              ro code  0x08002c76     0x4  low_level_init.o [3]
  .text              ro code  0x08002c7a     0x4  exit.o [3]
  .text              ro code  0x08002c80     0xa  cexit.o [4]
  .text              ro code  0x08002c8c    0x14  exit.o [5]
  .text              ro code  0x08002ca0    0x10  startup_stm32f103xb.o [1]
  Initializer bytes  const    0x08002cb0    0x10  <for P2-1>
  .text              ro code  0x08002cc0     0xc  cstartup_M.o [4]
  .text              ro code  0x08002ccc     0xa  defaultTask.o [1]
  .text              ro code  0x08002cd6     0xa  tskDisplay.o [1]
  .text              ro code  0x08002ce0     0xa  tskGyroscope.o [1]
  .text              ro code  0x08002cea     0xa  tskTradeTime.o [1]
  .rodata            const    0x08002cf4     0x8  system_stm32f1xx.o [1]
  .text              ro code  0x08002cfc     0x4  startup_stm32f103xb.o [1]
  .text              ro code  0x08002d00     0x4  startup_stm32f103xb.o [1]
  .text              ro code  0x08002d04     0x4  startup_stm32f103xb.o [1]
  .text              ro code  0x08002d08     0x4  startup_stm32f103xb.o [1]
  .text              ro code  0x08002d0c     0x4  startup_stm32f103xb.o [1]
  .text              ro code  0x08002d10     0x4  startup_stm32f103xb.o [1]
  .text              ro code  0x08002d14     0x4  startup_stm32f103xb.o [1]
  .text              ro code  0x08002d18     0x4  startup_stm32f103xb.o [1]
  .text              ro code  0x08002d1c     0x4  startup_stm32f103xb.o [1]
  .text              ro code  0x08002d20     0x4  startup_stm32f103xb.o [1]
  .text              ro code  0x08002d24     0x4  startup_stm32f103xb.o [1]
  .text              ro code  0x08002d28     0x4  startup_stm32f103xb.o [1]
  .text              ro code  0x08002d2c     0x4  startup_stm32f103xb.o [1]
  .text              ro code  0x08002d30     0x4  startup_stm32f103xb.o [1]
  .text              ro code  0x08002d34     0x4  startup_stm32f103xb.o [1]
  .text              ro code  0x08002d38     0x4  startup_stm32f103xb.o [1]
  .text              ro code  0x08002d3c     0x4  startup_stm32f103xb.o [1]
  .text              ro code  0x08002d40     0x4  startup_stm32f103xb.o [1]
  .text              ro code  0x08002d44     0x4  startup_stm32f103xb.o [1]
  .text              ro code  0x08002d48     0x4  startup_stm32f103xb.o [1]
  .text              ro code  0x08002d4c     0x4  startup_stm32f103xb.o [1]
  .text              ro code  0x08002d50     0x4  startup_stm32f103xb.o [1]
  .text              ro code  0x08002d54     0x4  startup_stm32f103xb.o [1]
  .text              ro code  0x08002d58     0x4  startup_stm32f103xb.o [1]
  .text              ro code  0x08002d5c     0x4  startup_stm32f103xb.o [1]
  .text              ro code  0x08002d60     0x4  startup_stm32f103xb.o [1]
  .text              ro code  0x08002d64     0x4  startup_stm32f103xb.o [1]
  .text              ro code  0x08002d68     0x4  startup_stm32f103xb.o [1]
  .text              ro code  0x08002d6c     0x4  startup_stm32f103xb.o [1]
  .text              ro code  0x08002d70     0x4  startup_stm32f103xb.o [1]
  .text              ro code  0x08002d74     0x4  startup_stm32f103xb.o [1]
  .text              ro code  0x08002d78     0x4  startup_stm32f103xb.o [1]
  .text              ro code  0x08002d7c     0x4  startup_stm32f103xb.o [1]
  .text              ro code  0x08002d80     0x4  startup_stm32f103xb.o [1]
  .text              ro code  0x08002d84     0x4  startup_stm32f103xb.o [1]
  .text              ro code  0x08002d88     0x4  startup_stm32f103xb.o [1]
  .text              ro code  0x08002d8c     0x4  startup_stm32f103xb.o [1]
  .text              ro code  0x08002d90     0x4  startup_stm32f103xb.o [1]
  .text              ro code  0x08002d94     0x4  startup_stm32f103xb.o [1]
  .text              ro code  0x08002d98     0x4  startup_stm32f103xb.o [1]
  .rodata            const    0x08002d9c     0x0  zero_init3.o [4]
  .rodata            const    0x08002d9c     0x0  copy_init3.o [4]
                            - 0x08002d9c  0x2cb0

"P2", part 1 of 3:                          0x10
  P2-1                        0x20000000    0x10  <Init block>
    .data            inited   0x20000000     0xc  port.o [1]
    .data            inited   0x2000000c     0x4  system_stm32f1xx.o [1]
                            - 0x20000010    0x10

"P2", part 2 of 3:                         0x400
  CSTACK                      0x20000010   0x400  <Block>
    CSTACK           uninit   0x20000010   0x400  <Block tail>
                            - 0x20000410   0x400

"P2", part 3 of 3:                        0x10dc
  .bss               zero     0x20000410   0xe18  heap_4.o [1]
  .bss               zero     0x20001228    0x9c  tasks.o [1]
  .bss               zero     0x200012c4    0x8c  tasks.o [1]
  .bss               zero     0x20001350    0x70  usart.o [1]
  .bss               zero     0x200013c0    0x44  usart.o [1]
  .bss               zero     0x20001404    0x3c  i2c.o [1]
  .bss               zero     0x20001440    0x3c  i2c.o [1]
  .bss               zero     0x2000147c    0x3c  stm32f1xx_hal_timebase_TIM.o [1]
  .bss               zero     0x200014b8    0x14  freertos.o [1]
  .bss               zero     0x200014cc    0x14  wwdg.o [1]
  .bss               zero     0x200014e0     0x8  crc.o [1]
  .bss               zero     0x200014e8     0x4  stm32f1xx_hal.o [1]
                            - 0x200014ec  0x10dc


*******************************************************************************
*** INIT TABLE
***

          Address     Size
          -------     ----
Zero (__iar_zero_init3)
    1 destination range, total size 0x10dc:
          0x20000410  0x10dc

Copy (__iar_copy_init3)
    1 source range, total size 0x10:
          0x08002cb0    0x10
    1 destination range, total size 0x10:
          0x20000000    0x10



*******************************************************************************
*** MODULE SUMMARY
***

    Module                        ro code  ro data  rw data
    ------                        -------  -------  -------
C:\Users\LeshijMain\wgtime\EWARM\wgtime\Obj: [1]
    cmsis_os.o                        120
    crc.o                              72                 8
    defaultTask.o                      10
    dma.o                              64
    freertos.o                        214       56       20
    gpio.o                            128
    heap_4.o                          408             3 608
    i2c.o                             192               120
    list.o                            142
    main.o                            164
    port.o                            324       12       12
    portasm.o                         148
    queue.o                           196
    startup_stm32f103xb.o             412
    stm32f1xx_hal.o                    88                 4
    stm32f1xx_hal_cortex.o            400
    stm32f1xx_hal_crc.o               132
    stm32f1xx_hal_dma.o             1 032
    stm32f1xx_hal_gpio.o              864
    stm32f1xx_hal_i2c.o               504
    stm32f1xx_hal_msp.o               136
    stm32f1xx_hal_rcc.o             1 834
    stm32f1xx_hal_tim.o               802
    stm32f1xx_hal_tim_ex.o              4
    stm32f1xx_hal_timebase_TIM.o      120                60
    stm32f1xx_hal_usart.o             576
    stm32f1xx_hal_wwdg.o              232
    stm32f1xx_it.o                     48
    system_stm32f1xx.o                 92       12        4
    tasks.o                         1 364               296
    tskDisplay.o                       10
    tskGyroscope.o                     10
    tskTradeTime.o                     10
    usart.o                           244               180
    wwdg.o                             80                20
    -------------------------------------------------------
    Total:                         11 176       80    4 332

command line: [2]
    -------------------------------------------------------
    Total:

dl7M_tlf.a: [3]
    exit.o                              4
    low_level_init.o                    4
    -------------------------------------------------------
    Total:                              8

rt7M_tl.a: [4]
    ABImemcpy_unaligned.o              86
    ABImemset48.o                      58
    cexit.o                            10
    cmain.o                            26
    copy_init3.o                       44
    cstartup_M.o                       12
    data_init.o                        40
    zero_init3.o                       64
    -------------------------------------------------------
    Total:                            340

shb_l.a: [5]
    exit.o                             20
    -------------------------------------------------------
    Total:                             20

    Gaps                               16
    Linker created                              36    1 024
-----------------------------------------------------------
    Grand Total:                   11 560      116    5 356


*******************************************************************************
*** ENTRY LIST
***

Entry                      Address   Size  Type      Object
-----                      -------   ----  ----      ------
.iar.init_table$$Base   0x08002c38          --   Gb  - Linker created -
.iar.init_table$$Limit  0x08002c5c          --   Gb  - Linker created -
?main                   0x08002c5d         Code  Gb  cmain.o [4]
AHBPrescTable           0x08002b2c   0x10  Data  Gb  system_stm32f1xx.o [1]
APBPrescTable           0x08002cf4    0x8  Data  Gb  system_stm32f1xx.o [1]
BusFault_Handler        0x08002bbb    0x2  Code  Gb  stm32f1xx_it.o [1]
CSTACK$$Base            0x20000010          --   Gb  - Linker created -
CSTACK$$Limit           0x20000410          --   Gb  - Linker created -
DMA1_Channel6_IRQHandler
                        0x08002bc5    0x6  Code  Gb  stm32f1xx_it.o [1]
DMA1_Channel7_IRQHandler
                        0x08002bcb    0x6  Code  Gb  stm32f1xx_it.o [1]
DebugMon_Handler        0x08002bbf    0x2  Code  Gb  stm32f1xx_it.o [1]
Error_Handler           0x08000955    0x2  Code  Gb  main.o [1]
HAL_CRC_Init            0x080016dd   0x30  Code  Gb  stm32f1xx_hal_crc.o [1]
HAL_CRC_MspInit         0x08000f59   0x22  Code  Gb  crc.o [1]
HAL_DMA_IRQHandler      0x08001ccb  0x264  Code  Gb  stm32f1xx_hal_dma.o [1]
HAL_DMA_Init            0x08001b99  0x11e  Code  Gb  stm32f1xx_hal_dma.o [1]
HAL_Delay               0x08000825   0x18  Code  Wk  stm32f1xx_hal.o [1]
HAL_GPIO_Init           0x0800137d  0x294  Code  Gb  stm32f1xx_hal_gpio.o [1]
HAL_GPIO_WritePin       0x08001617   0x32  Code  Gb  stm32f1xx_hal_gpio.o [1]
HAL_GetTick             0x08000819    0xc  Code  Wk  stm32f1xx_hal.o [1]
HAL_I2C_Init            0x08001761  0x172  Code  Gb  stm32f1xx_hal_i2c.o [1]
HAL_I2C_MspInit         0x08000fd1   0x4a  Code  Gb  i2c.o [1]
HAL_IncTick             0x080012d9   0x10  Code  Wk  stm32f1xx_hal.o [1]
HAL_Init                0x08000e5d   0x20  Code  Gb  stm32f1xx_hal.o [1]
HAL_InitTick            0x0800083d   0x66  Code  Gb  stm32f1xx_hal_timebase_TIM.o [1]
HAL_MspInit             0x080012f5   0x88  Code  Gb  stm32f1xx_hal_msp.o [1]
HAL_NVIC_EnableIRQ      0x08000a5f   0x18  Code  Gb  stm32f1xx_hal_cortex.o [1]
HAL_NVIC_SetPriority    0x08000a01   0x5e  Code  Gb  stm32f1xx_hal_cortex.o [1]
HAL_NVIC_SetPriorityGrouping
                        0x080009cb   0x36  Code  Gb  stm32f1xx_hal_cortex.o [1]
HAL_RCC_ClockConfig     0x080004ab  0x1cc  Code  Gb  stm32f1xx_hal_rcc.o [1]
HAL_RCC_GetClockConfig  0x08000731   0x56  Code  Gb  stm32f1xx_hal_rcc.o [1]
HAL_RCC_GetHCLKFreq     0x08000707    0x6  Code  Gb  stm32f1xx_hal_rcc.o [1]
HAL_RCC_GetPCLK1Freq    0x0800070d   0x10  Code  Gb  stm32f1xx_hal_rcc.o [1]
HAL_RCC_GetPCLK2Freq    0x0800071d    0xe  Code  Gb  stm32f1xx_hal_rcc.o [1]
HAL_RCC_GetSysClockFreq
                        0x080006b5   0x52  Code  Gb  stm32f1xx_hal_rcc.o [1]
HAL_RCC_OscConfig       0x080000ed  0x3b6  Code  Gb  stm32f1xx_hal_rcc.o [1]
HAL_SYSTICK_CLKSourceConfig
                        0x08000aaf   0x24  Code  Gb  stm32f1xx_hal_cortex.o [1]
HAL_SYSTICK_Config      0x08000a87   0x28  Code  Gb  stm32f1xx_hal_cortex.o [1]
HAL_TIMEx_BreakCallback
                        0x080012ed    0x2  Code  Wk  stm32f1xx_hal_tim_ex.o [1]
HAL_TIMEx_CommutationCallback
                        0x080012f1    0x2  Code  Wk  stm32f1xx_hal_tim_ex.o [1]
HAL_TIM_Base_Init       0x08000b41   0x6a  Code  Gb  stm32f1xx_hal_tim.o [1]
HAL_TIM_Base_MspInit    0x08000e59    0x2  Code  Wk  stm32f1xx_hal_tim.o [1]
HAL_TIM_Base_Start_IT   0x08000bab   0x36  Code  Gb  stm32f1xx_hal_tim.o [1]
HAL_TIM_IC_CaptureCallback
                        0x080012e9    0x2  Code  Wk  stm32f1xx_hal_tim.o [1]
HAL_TIM_IRQHandler      0x08000c51  0x142  Code  Gb  stm32f1xx_hal_tim.o [1]
HAL_TIM_OC_DelayElapsedCallback
                        0x080012eb    0x2  Code  Wk  stm32f1xx_hal_tim.o [1]
HAL_TIM_PWM_PulseFinishedCallback
                        0x080012f3    0x2  Code  Wk  stm32f1xx_hal_tim.o [1]
HAL_TIM_PeriodElapsedCallback
                        0x08000943    0xe  Code  Gb  main.o [1]
HAL_TIM_TriggerCallback
                        0x080012ef    0x2  Code  Wk  stm32f1xx_hal_tim.o [1]
HAL_USART_Init          0x08001959   0x70  Code  Gb  stm32f1xx_hal_usart.o [1]
HAL_USART_MspInit       0x0800107b   0xaa  Code  Gb  usart.o [1]
HAL_WWDG_Init           0x08001fa1   0x8a  Code  Gb  stm32f1xx_hal_wwdg.o [1]
HAL_WWDG_MspInit        0x0800115f   0x22  Code  Gb  wwdg.o [1]
HardFault_Handler       0x08002bb7    0x2  Code  Gb  stm32f1xx_it.o [1]
MX_CRC_Init             0x08000f41   0x18  Code  Gb  crc.o [1]
MX_DMA_Init             0x08000f01   0x40  Code  Gb  dma.o [1]
MX_FREERTOS_Init        0x0800118d   0x78  Code  Gb  freertos.o [1]
MX_GPIO_Init            0x08000e81   0x80  Code  Gb  gpio.o [1]
MX_I2C1_Init            0x08000f89   0x10  Code  Gb  i2c.o [1]
MX_I2C2_Init            0x08000f99   0x10  Code  Gb  i2c.o [1]
MX_USART2_Init          0x08001049   0x32  Code  Gb  usart.o [1]
MX_WWDG_Init            0x0800113d   0x22  Code  Gb  wwdg.o [1]
MemManage_Handler       0x08002bb9    0x2  Code  Gb  stm32f1xx_it.o [1]
NMI_Handler             0x08002bb5    0x2  Code  Gb  stm32f1xx_it.o [1]
NVIC_SetPriority        0x080009b1   0x1a  Code  Lc  stm32f1xx_hal_cortex.o [1]
PendSV_Handler          0x080027e5         Code  Gb  portasm.o [1]
Region$$Table$$Base     0x08002c38          --   Gb  - Linker created -
Region$$Table$$Limit    0x08002c5c          --   Gb  - Linker created -
SVC_Handler             0x08002837         Code  Gb  portasm.o [1]
StartDefaultTask        0x08002ccd    0xa  Code  Gb  defaultTask.o [1]
SysTick_Handler         0x08002bc1    0x4  Code  Gb  stm32f1xx_it.o [1]
SystemClock_Config      0x080008e5   0x5e  Code  Gb  main.o [1]
SystemCoreClock         0x2000000c    0x4  Data  Gb  system_stm32f1xx.o [1]
SystemInit              0x08002ae1   0x3a  Code  Gb  system_stm32f1xx.o [1]
TIM1_UP_IRQHandler      0x08002bd1    0x6  Code  Gb  stm32f1xx_it.o [1]
TIM_Base_SetConfig      0x08000d99   0x5e  Code  Gb  stm32f1xx_hal_tim.o [1]
USART_SetConfig         0x080019c9  0x160  Code  Lc  stm32f1xx_hal_usart.o [1]
UsageFault_Handler      0x08002bbd    0x2  Code  Gb  stm32f1xx_it.o [1]
__aeabi_memset4         0x08002aa5         Code  Gb  ABImemset48.o [4]
__aeabi_memset8         0x08002aa5         Code  Gb  ABImemset48.o [4]
__cmain                 0x08002c5d         Code  Gb  cmain.o [4]
__exit                  0x08002c8d   0x14  Code  Gb  exit.o [5]
__iar_Memset4_word      0x08002aad         Code  Gb  ABImemset48.o [4]
__iar_Memset8_word      0x08002aad         Code  Gb  ABImemset48.o [4]
__iar_copy_init3        0x08002be5   0x2c  Code  Gb  copy_init3.o [4]
__iar_data_init3        0x08002c11   0x28  Code  Gb  data_init.o [4]
__iar_program_start     0x08002cc1         Code  Gb  cstartup_M.o [4]
__iar_unaligned___aeabi_memcpy4
                        0x08000959         Code  Gb  ABImemcpy_unaligned.o [4]
__iar_unaligned___aeabi_memcpy8
                        0x08000959         Code  Gb  ABImemcpy_unaligned.o [4]
__iar_zero_init3        0x08002b3d   0x40  Code  Gb  zero_init3.o [4]
__low_level_init        0x08002c77    0x4  Code  Gb  low_level_init.o [3]
__vector_table          0x08000000         Data  Gb  startup_stm32f103xb.o [1]
_call_main              0x08002c69         Code  Gb  cmain.o [4]
_exit                   0x08002c81         Code  Gb  cexit.o [4]
_main                   0x08002c73         Code  Gb  cmain.o [4]
assert_failed           0x08000957    0x2  Code  Gb  main.o [1]
defaultTaskHandle       0x200014b8    0x4  Data  Gb  freertos.o [1]
exit                    0x08002c7b    0x4  Code  Gb  exit.o [3]
gyroscopeBufferHandle   0x200014c8    0x4  Data  Gb  freertos.o [1]
hcrc                    0x200014e0    0x8  Data  Gb  crc.o [1]
hdma_usart2_rx          0x20001350   0x38  Data  Gb  usart.o [1]
hdma_usart2_tx          0x20001388   0x38  Data  Gb  usart.o [1]
hi2c1                   0x20001404   0x3c  Data  Gb  i2c.o [1]
hi2c2                   0x20001440   0x3c  Data  Gb  i2c.o [1]
htim1                   0x2000147c   0x3c  Data  Gb  stm32f1xx_hal_timebase_TIM.o [1]
husart2                 0x200013c0   0x44  Data  Gb  usart.o [1]
hwwdg                   0x200014cc   0x14  Data  Gb  wwdg.o [1]
main                    0x080008b5   0x30  Code  Gb  main.o [1]
makeFreeRtosPriority    0x08001261    0xc  Code  Lc  cmsis_os.o [1]
osDelay                 0x080012ad    0xe  Code  Gb  cmsis_os.o [1]
osKernelStart           0x0800126d    0xa  Code  Gb  cmsis_os.o [1]
osMessageCreate         0x080012bb    0xa  Code  Gb  cmsis_os.o [1]
osSystickHandler        0x080012c5   0x14  Code  Gb  cmsis_os.o [1]
osThreadCreate          0x08001277   0x36  Code  Gb  cmsis_os.o [1]
prvAddCurrentTaskToDelayedList
                        0x080024ef   0x32  Code  Lc  tasks.o [1]
prvAllocateTCBAndStack  0x08002521   0x38  Code  Lc  tasks.o [1]
prvIdleTask             0x0800243d   0x5e  Code  Lc  tasks.o [1]
prvInitialiseTCBVariables
                        0x0800249b   0x54  Code  Lc  tasks.o [1]
prvInsertBlockIntoFreeList
                        0x08002a55   0x46  Code  Lc  heap_4.o [1]
prvResetNextTaskUnblockTime
                        0x08002559   0x1a  Code  Lc  tasks.o [1]
prvTaskExitError        0x080026bd   0x18  Code  Lc  port.o [1]
pvPortMalloc            0x08002909  0x100  Code  Gb  heap_4.o [1]
pxCurrentTCB            0x20001250    0x4  Data  Gb  tasks.o [1]
pxDelayedTaskList       0x20001254    0x4  Data  Lc  tasks.o [1]
pxEnd                   0x20000418    0x4  Data  Lc  heap_4.o [1]
pxOverflowDelayedTaskList
                        0x20001258    0x4  Data  Lc  tasks.o [1]
pxPortInitialiseStack   0x080026a1   0x1c  Code  Gb  port.o [1]
pxReadyTasksLists       0x200012c4   0x8c  Data  Lc  tasks.o [1]
taskStartDisplay        0x08002cd7    0xa  Code  Gb  tskDisplay.o [1]
taskStartGyroscope      0x08002ce1    0xa  Code  Gb  tskGyroscope.o [1]
taskStartTradeTime      0x08002ceb    0xa  Code  Gb  tskTradeTime.o [1]
tskDisplayHandle        0x200014bc    0x4  Data  Gb  freertos.o [1]
tskGyroscopeHandle      0x200014c4    0x4  Data  Gb  freertos.o [1]
tskTradeTimeHandle      0x200014c0    0x4  Data  Gb  freertos.o [1]
ucHeap                  0x20000428  0xe00  Data  Lc  heap_4.o [1]
ucMaxSysCallPriority    0x20000000    0x1  Data  Lc  port.o [1]
ulMaxPRIGROUPValue      0x20000008    0x4  Data  Lc  port.o [1]
ulPortSetInterruptMask  0x08002823         Code  Gb  portasm.o [1]
uwTick                  0x200014e8    0x4  Data  Lc  stm32f1xx_hal.o [1]
uxCriticalNesting       0x20000004    0x4  Data  Lc  port.o [1]
uxCurrentNumberOfTasks  0x20001274    0x4  Data  Lc  tasks.o [1]
uxListRemove            0x080028e3   0x24  Code  Gb  list.o [1]
uxPendedTicks           0x20001284    0x4  Data  Lc  tasks.o [1]
uxSchedulerSuspended    0x20001298    0x4  Data  Lc  tasks.o [1]
uxTaskNumber            0x20001290    0x4  Data  Lc  tasks.o [1]
uxTasksDeleted          0x2000125c    0x4  Data  Lc  tasks.o [1]
uxTopReadyPriority      0x2000127c    0x4  Data  Lc  tasks.o [1]
vApplicationIdleHook    0x08002aa1    0x2  Code  Wk  freertos.o [1]
vListInitialise         0x08002879   0x1a  Code  Gb  list.o [1]
vListInitialiseItem     0x08002893    0x6  Code  Gb  list.o [1]
vListInsert             0x080028b1   0x32  Code  Gb  list.o [1]
vListInsertEnd          0x08002899   0x18  Code  Gb  list.o [1]
vPortClearInterruptMask
                        0x08002831         Code  Gb  portasm.o [1]
vPortEnterCritical      0x0800274b   0x2a  Code  Gb  port.o [1]
vPortExitCritical       0x08002775   0x20  Code  Gb  port.o [1]
vPortFree               0x08002a09   0x4c  Code  Gb  heap_4.o [1]
vPortSetupTimerInterrupt
                        0x080027c5   0x20  Code  Wk  port.o [1]
vPortStartFirstTask     0x08002857         Code  Gb  portasm.o [1]
vPortYield              0x08002739   0x12  Code  Gb  port.o [1]
vTaskDelay              0x0800219f   0x34  Code  Gb  tasks.o [1]
vTaskStartScheduler     0x080021e5   0x50  Code  Gb  tasks.o [1]
vTaskSuspendAll         0x08002235    0xc  Code  Gb  tasks.o [1]
vTaskSwitchContext      0x08002389   0x4a  Code  Gb  tasks.o [1]
xBlockAllocatedBit      0x20000424    0x4  Data  Lc  heap_4.o [1]
xDelayedTaskList1       0x2000129c   0x14  Data  Lc  tasks.o [1]
xDelayedTaskList2       0x200012b0   0x14  Data  Lc  tasks.o [1]
xFreeBytesRemaining     0x2000041c    0x4  Data  Lc  heap_4.o [1]
xMinimumEverFreeBytesRemaining
                        0x20000420    0x4  Data  Lc  heap_4.o [1]
xNextTaskUnblockTime    0x20001294    0x4  Data  Lc  tasks.o [1]
xNumOfOverflows         0x2000128c    0x4  Data  Lc  tasks.o [1]
xPendingReadyList       0x20001228   0x14  Data  Lc  tasks.o [1]
xPortStartScheduler     0x080026d5   0x64  Code  Gb  port.o [1]
xPortSysTickHandler     0x08002795   0x1e  Code  Gb  port.o [1]
xQueueGenericCreate     0x08002645   0x54  Code  Gb  queue.o [1]
xQueueGenericReset      0x080025dd   0x68  Code  Gb  queue.o [1]
xSchedulerRunning       0x20001280    0x4  Data  Lc  tasks.o [1]
xStart                  0x20000410    0x8  Data  Lc  heap_4.o [1]
xSuspendedTaskList      0x20001260   0x14  Data  Lc  tasks.o [1]
xTaskGenericCreate      0x08002089  0x116  Code  Gb  tasks.o [1]
xTaskGetSchedulerState  0x08002573   0x18  Code  Gb  tasks.o [1]
xTaskIncrementTick      0x080022d3   0xb6  Code  Gb  tasks.o [1]
xTaskRemoveFromEventList
                        0x080023d3   0x46  Code  Gb  tasks.o [1]
xTaskResumeAll          0x08002241   0x92  Code  Gb  tasks.o [1]
xTasksWaitingTermination
                        0x2000123c   0x14  Data  Lc  tasks.o [1]
xTickCount              0x20001278    0x4  Data  Lc  tasks.o [1]
xYieldPending           0x20001288    0x4  Data  Lc  tasks.o [1]


[1] = C:\Users\LeshijMain\wgtime\EWARM\wgtime\Obj
[2] = command line
[3] = dl7M_tlf.a
[4] = rt7M_tl.a
[5] = shb_l.a

  11 560 bytes of readonly  code memory
     116 bytes of readonly  data memory
   5 356 bytes of readwrite data memory

Errors: none
Warnings: none
